
> satya-backend@1.0.0 pretest
> cross-env NODE_ENV=test knex migrate:latest

Using environment: [35mtest[39m
[36mAlready up to date[39m

> satya-backend@1.0.0 test
> cross-env NODE_ENV=test jest --runInBand --detectOpenHandles --coverage tests/integration/internalMonitoringWorkflow.test.js -t 3. submitTarget berhasil setelah evidence lengkap --runInBand

  console.log
    SUBMIT TARGET THREW ERROR: error: insert into "monitoring_target_activities" ("activity_type", "actor_user_id", "description", "monitoring_target_id") values ($1, $2, $3, $4) returning * - column "activity_type" of relation "monitoring_target_activities" does not exist
        at parseErrorMessage (C:\My Project\satya\node_modules\pg-protocol\src\parser.ts:394:9)
        at Parser.handlePacket (C:\My Project\satya\node_modules\pg-protocol\src\parser.ts:212:19)
        at Parser.parse (C:\My Project\satya\node_modules\pg-protocol\src\parser.ts:105:30)
        at Socket.<anonymous> (C:\My Project\satya\node_modules\pg-protocol\src\index.ts:7:48)
        at Socket.emit (node:events:508:28)
        at addChunk (node:internal/streams/readable:563:12)
        at readableAddChunkPushByteMode (node:internal/streams/readable:514:3)
        at Socket.Readable.push (node:internal/streams/readable:394:5)
        at TCP.onStreamRead (node:internal/stream_base_commons:189:23) {
      length: 154,
      severity: 'ERROR',
      code: '42703',
      detail: undefined,
      hint: undefined,
      position: '45',
      internalPosition: undefined,
      internalQuery: undefined,
      where: undefined,
      schema: undefined,
      table: undefined,
      column: undefined,
      dataType: undefined,
      constraint: undefined,
      file: 'parse_target.c',
      line: '1073',
      routine: 'checkInsertTargets'
    }

      at InternalMonitoringService.log [as submitTarget] (src/services/internalMonitoringService.js:130:15)

  console.error
    TEST ERROR ≡ƒÆÑ error: insert into "monitoring_target_activities" ("activity_type", "actor_user_id", "description", "monitoring_target_id") values ($1, $2, $3, $4) returning * - column "activity_type" of relation "monitoring_target_activities" does not exist
        at parseErrorMessage (C:\My Project\satya\node_modules\pg-protocol\src\parser.ts:394:9)
        at Parser.handlePacket (C:\My Project\satya\node_modules\pg-protocol\src\parser.ts:212:19)
        at Parser.parse (C:\My Project\satya\node_modules\pg-protocol\src\parser.ts:105:30)
        at Socket.<anonymous> (C:\My Project\satya\node_modules\pg-protocol\src\index.ts:7:48)
        at Socket.emit (node:events:508:28)
        at addChunk (node:internal/streams/readable:563:12)
        at readableAddChunkPushByteMode (node:internal/streams/readable:514:3)
        at Socket.Readable.push (node:internal/streams/readable:394:5)
        at TCP.onStreamRead (node:internal/stream_base_commons:189:23) {
      length: 154,
      severity: 'ERROR',
      code: '42703',
      detail: undefined,
      hint: undefined,
      position: '45',
      internalPosition: undefined,
      internalQuery: undefined,
      where: undefined,
      schema: undefined,
      table: undefined,
      column: undefined,
      dataType: undefined,
      constraint: undefined,
      file: 'parse_target.c',
      line: '1073',
      routine: 'checkInsertTargets',
      statusCode: 500,
      status: 'error'
    }

    [0m [90m 35 |[39m         console[33m.[39merror([32m'ERROR ≡ƒÆÑ'[39m[33m,[39m err)[33m;[39m
     [90m 36 |[39m     } [36melse[39m {
    [31m[1m>[22m[39m[90m 37 |[39m         console[33m.[39merror([32m'TEST ERROR ≡ƒÆÑ'[39m[33m,[39m err)[33m;[39m
     [90m    |[39m                 [31m[1m^[22m[39m
     [90m 38 |[39m     }
     [90m 39 |[39m
     [90m 40 |[39m     [90m// Log error untuk kebutuhan debugging di server (Internal)[39m[0m

      at error (src/middlewares/errorHandler.js:37:17)
      at Layer.handle_error (node_modules/express/lib/router/layer.js:71:5)
      at trim_prefix (node_modules/express/lib/router/index.js:326:13)
      at node_modules/express/lib/router/index.js:286:9
      at router.process_params (node_modules/express/lib/router/index.js:346:12)
      at next (node_modules/express/lib/router/index.js:280:10)
      at node_modules/express/lib/router/index.js:646:15
      at next (node_modules/express/lib/router/index.js:265:14)
      at node_modules/express/lib/router/index.js:646:15
      at next (node_modules/express/lib/router/index.js:265:14)
      at node_modules/express/lib/router/index.js:646:15
      at next (node_modules/express/lib/router/index.js:265:14)
      at next (node_modules/express/lib/router/route.js:141:14)
      at next (src/controllers/internalMonitoringController.js:36:19)

  console.log
    SUBMIT ERROR: {
      success: false,
      status: 'error',
      message: 'insert into "monitoring_target_activities" ("activity_type", "actor_user_id", "description", "monitoring_target_id") values ($1, $2, $3, $4) returning * - column "activity_type" of relation "monitoring_target_activities" does not exist'
    }

      at Object.log (tests/integration/internalMonitoringWorkflow.test.js:104:37)

node.exe : FAIL tests/integration/internalMonitoringWorkflow.test.js
At line:1 char:1
+ & "C:\Program Files\nodejs/node.exe" "C:\Program Files\nodejs/node_mo ...
+ ~~~~~~~~~~~~~~~~~~~~~~~~~~~~~~~~~~~~~~~~~~~~~~~~~~~~~~~~~~~~~~~~~~~~~
    + CategoryInfo          : NotSpecified: (FAIL tests/inte...orkflow.test.js:String) [], RemoteException
    + FullyQualifiedErrorId : NativeCommandError
 
  Internal Monitoring - Workflow (Submit & Approve)
    ├ù 3. submitTarget berhasil setelah evidence lengkap (53 ms)
    Γùï skipped 1. saveDraft mengubah status menjadi IN_PROGRESS
    Γùï skipped 2. submitTarget ditolak karena evidence belum lengkap (400)
    Γùï skipped 4. approveTarget ditolak jika dilakukan oleh bukan approver (403)
    Γùï skipped 5. approveTarget ditolak karena SOD violation (Collector tidak boleh Approve) (403)
    Γùï skipped 6. approveTarget berhasil jika dilakukan oleh approver yang sah

  ΓùÅ Internal Monitoring - Workflow (Submit & Approve) ΓÇ║ 3. submitTarget berhasil setelah evidence lengkap

    expect(received).toBe(expected) // Object.is equality

    Expected: 200
    Received: 500

    [0m [90m 103 |[39m       
     [90m 104 |[39m     [36mif[39m (res[33m.[39mstatus [33m!==[39m [35m200[39m) 
console[33m.[39mlog([32m'SUBMIT ERROR:'[39m[33m,[39m res[33m.[39mbody)[33m;[39m
    [31m[1m>[22m[39m[90m 105 |[39m     expect(res[33m.[39mstatus)[33m.[39mtoBe([35m200[39m)[33m;[39m
     [90m     |[39m                        [31m[1m^[22m[39m
     [90m 106 |[39m     [36mconst[39m target [33m=[39m [36mawait[39m 
knex([32m'monitoring_targets'[39m)[33m.[39mwhere({ id[33m:[39m targetId })[33m.[39mfirst()[33m;[39m
     [90m 107 |[39m     
expect(target[33m.[39mworkflow_status)[33m.[39mtoBe([32m'AWAITING_APPROVAL'[39m)[33m;[39m
     [90m 108 |[39m     expect(target[33m.[39mlock_version)[33m.[39mtoBe([35m4[39m)[33m;[39m [90m// 2 -> 
evidence(3) -> submit(4)[39m[0m

      at Object.toBe (tests/integration/internalMonitoringWorkflow.test.js:105:24)

--------------------------------------------|---------|----------|---------|---------|------------------------------------------------------------------------------------------------------
File                                        | % Stmts | % Branch | % Funcs | % Lines | Uncovered Line #s                                                                                    
--------------------------------------------|---------|----------|---------|---------|------------------------------------------------------------------------------------------------------
All files                                   |   23.01 |     7.82 |   14.87 |   24.65 |                                                                                                      
 controllers                                |   10.14 |      1.6 |    4.34 |   10.86 |                                                                                                      
  authController.js                         |   13.79 |     9.37 |   14.28 |   13.79 | 17,28-162                                                                                            
  internalMonitoringController.js           |   28.08 |        0 |   11.76 |    28.4 | 5-8,12-15,19-22,26-29,35,40-43,47-50,54-57,61-64,68-72,79,83-86,90-93,97-100,104-107,111-114,118-121 
  internalMonitoringDashboardController.js  |   27.27 |      100 |       0 |   27.27 | 4-7,11-14                                                                                            
  internalMonitoringMasterController.js     |   25.92 |      100 |       0 |   25.92 | 5-8,12-15,19-22,26-29,33-36                                                                          
  masterController.js                       |     2.8 |        0 |       0 |    3.44 | 7-133                                                                                                
  notificationController.js                 |      10 |        0 |       0 |      10 | 4-55                                                                                                 
  reportController.js                       |    0.58 |        0 |       0 |    0.62 | 20-497                                                                                               
 middlewares                                |   63.63 |    59.09 |      50 |   63.63 |                                                                                                      
  errorHandler.js                           |      50 |    55.55 |   33.33 |      50 | 11-16,26-27,35,42,63                                                                                 
  tenant.js                                 |   84.61 |       75 |     100 |   84.61 | 7,15                                                                                                 
 repositories                               |   17.36 |     6.08 |   16.98 |   20.27 |                                                                                                      
  internalMonitoringRepo.js                 |   23.57 |     6.79 |   23.68 |   28.15 | 5-20,40-90,103-124,151,163-199,204-217,225-253                                                       
  reportRepo.js                             |       0 |        0 |       0 |       0 | 5-364                                                                                                
 routes                                     |   93.07 |    15.78 |   42.85 |   93.07 |                                                                                                      
  authRoutes.js                             |     100 |       50 |     100 |     100 | 17                                                                                                   
  index.js                                  |   94.44 |       25 |       0 |   94.44 | 44                                                                                                   
  internalMonitoringRoutes.js               |     100 |       50 |     100 |     100 | 11                                                                                                   
  masterRoutes.js                           |     100 |      100 |     100 |     100 |                                                                                                      
  notificationRoutes.js                     |     100 |      100 |     100 |     100 |                                                                                                      
  reportRoutes.js                           |   74.19 |        0 |      25 |   74.19 | 19-28,39-45                                                                                          
 services                                   |   16.63 |     8.05 |   19.35 |   17.42 |                                                                                                      
  authService.js                            |   20.27 |     6.45 |   22.22 |   20.27 | 25,31,54-145,168-190,200-249                                                                         
  emailService.js                           |   14.81 |     3.84 |       0 |      16 | 34-175                                                                                               
  internalMonitoringAuthorizationService.js |   36.17 |    15.38 |      50 |   35.89 | 8-20,35,48,58-104                                                                                    
  internalMonitoringDashboardService.js     |   21.42 |        0 |       0 |      25 | 6-30                                                                                                 
  internalMonitoringGeneratorService.js     |    4.41 |        0 |       0 |    4.68 | 5-171                                                                                                
  internalMonitoringService.js              |   20.37 |    14.63 |      20 |   22.52 | 7-68,79,91,110-112,127,136-259,275,313-435                                                           
  reportService.js                          |       0 |        0 |       0 |       0 | 6-219                                                                                                
 validators                                 |       0 |      100 |     100 |       0 |                                                                                                      
  internalMonitoringValidator.js            |       0 |      100 |     100 |       0 | 1                                                                                                    
--------------------------------------------|---------|----------|---------|---------|------------------------------------------------------------------------------------------------------
Test Suites: 1 failed, 1 total
Tests:       1 failed, 5 skipped, 6 total
Snapshots:   0 total
Time:        1.281 s, estimated 2 s
Ran all test suites matching /tests\\integration\\internalMonitoringWorkflow.test.js/i with tests matching "3. 
submitTarget berhasil setelah evidence lengkap".
